[helpers] Random seed fixed at: 2025

[init] device=cpu dataset=cicids backend=ckks seed=2025
[preprocess] Loading raw data for 'cicids' from C:\Users\Thrish_Sudha\Desktop\Amrita Files\LGSI IOV\Team\LG_IoV\Preprocessed_Dataset
[cicids] reading cleaned_Friday-WorkingHours-Afternoon-DDos.pcap_ISCX.csv
[cicids]   rows kept: 149,982  blocks: 8
[cicids] reading cleaned_Friday-WorkingHours-Afternoon-PortScan.pcap_ISCX.csv
[cicids]   rows kept: 149,845  blocks: 8
[cicids] reading cleaned_Friday-WorkingHours-Morning.pcap_ISCX.csv
[cicids]   rows kept: 149,894  blocks: 8
[cicids] reading cleaned_Monday-WorkingHours.pcap_ISCX.csv
[cicids]   rows kept: 149,863  blocks: 8
[cicids] reading cleaned_Thursday-WorkingHours-Afternoon-Infilteration.pcap_ISCX.csv
[cicids]   rows kept: 149,921  blocks: 8
[cicids] reading cleaned_Thursday-WorkingHours-Morning-WebAttacks.pcap_ISCX.csv
[cicids]   rows kept: 149,888  blocks: 8
[cicids] reading cleaned_Tuesday-WorkingHours.pcap_ISCX.csv
[cicids]   rows kept: 149,899  blocks: 8
[cicids] reading cleaned_Wednesday-workingHours.pcap_ISCX.csv
[cicids]   rows kept: 149,719  blocks: 8
[preprocess] blocks: total=64 train=46 val=9 test=9
[preprocess] cicids split sizes: train=849123, val=169888, test=180000
[preprocess] Classes: ('BENIGN', 'ATTACK')
[preprocess] Class counts (train): [658135.0, 190988.0]
[preprocess] Class weights: [0.6450979113578796, 2.2229747772216797]
[server] global model: 43,394 parameters, backend=ckks, disclosure=practical
[init] 10 vehicles registered over ECDH+AES-256-GCM channels (mutual Ed25519 auth)

--- round 01/05 | active 7/10 [1, 2, 4, 5, 6, 7, 8] ---
  vehicle-0002: trained on 79,099 samples
  vehicle-0005: trained on 6,002 samples
  vehicle-0001: trained on 53,770 samples
  vehicle-0004: trained on 3,908 samples
  vehicle-0006: trained on 240,763 samples
  vehicle-0007: trained on 115,382 samples
  vehicle-0008: trained on 18,074 samples
round 01 | loss 0.3749 | acc 0.8188 | 98.8s | p^u [0.14, 0.164, 0.158, 0.165, 0.087, 0.128, 0.158]

--- round 02/05 | active 7/10 [1, 2, 5, 6, 7, 8, 9] ---
  vehicle-0002: trained on 79,099 samples
  vehicle-0006: trained on 240,763 samples
  vehicle-0007: trained on 115,382 samples
  vehicle-0009: trained on 56,824 samples
  vehicle-0008: trained on 18,074 samples
  vehicle-0005: trained on 6,002 samples
  vehicle-0001: trained on 53,770 samples
round 02 | loss 0.0708 | acc 0.9842 | 96.4s | p^u [0.143, 0.087, 0.131, 0.152, 0.161, 0.165, 0.161]

--- round 03/05 | active 7/10 [0, 1, 2, 3, 5, 6, 9] ---
  vehicle-0000: trained on 227,640 samples
  vehicle-0006: trained on 240,763 samples
  vehicle-0009: trained on 56,824 samples
  vehicle-0005: trained on 6,002 samples
  vehicle-0002: trained on 79,099 samples
  vehicle-0003: trained on 47,661 samples
  vehicle-0001: trained on 53,770 samples
round 03 | loss 0.0858 | acc 0.9860 | 107.1s | p^u [0.118, 0.103, 0.154, 0.165, 0.149, 0.158, 0.152]

--- round 04/05 | active 7/10 [0, 1, 4, 5, 6, 7, 8] ---
  vehicle-0004: trained on 3,908 samples
  vehicle-0007: trained on 115,382 samples
  vehicle-0005: trained on 6,002 samples
  vehicle-0000: trained on 227,640 samples
  vehicle-0001: trained on 53,770 samples
  vehicle-0008: trained on 18,074 samples
  vehicle-0006: trained on 240,763 samples
round 04 | loss 0.0628 | acc 0.9779 | 70.8s | p^u [0.165, 0.141, 0.165, 0.108, 0.156, 0.163, 0.102]

--- round 05/05 | active 7/10 [1, 3, 4, 5, 7, 8, 9] ---
  vehicle-0004: trained on 3,908 samples
  vehicle-0001: trained on 53,770 samples
  vehicle-0005: trained on 6,002 samples
  vehicle-0007: trained on 115,382 samples
  vehicle-0003: trained on 47,661 samples
  vehicle-0008: trained on 18,074 samples
  vehicle-0009: trained on 56,824 samples
round 05 | loss 0.0643 | acc 0.9645 | 35.4s | p^u [0.163, 0.147, 0.162, 0.092, 0.142, 0.157, 0.136]

==================================================
           BASELINE BENCHMARK REPORT
==================================================
Accuracy:  0.9645
Macro F1:  0.9355
Precision: 0.9089
Recall:    0.9687
ROC-AUC:   0.9976

Per-Class Metrics:
Class Name                | Precision  | Recall     | F1-score   | Support 
--------------------------------------------------------------------
BENIGN                    | 0.9954     | 0.9627     | 0.9788     | 152893  
ATTACK                    | 0.8225     | 0.9747     | 0.8922     | 27107   

Confusion Matrix:
[[147193   5700]
 [   687  26420]]
==================================================
[helpers] Checkpoint saved: C:\Users\Thrish_Sudha\Desktop\Amrita Files\LGSI IOV\Team\LG_IoV\NewModel\checkpoints\federated_cicids_ckks_s2025.pt
[helpers] Random seed fixed at: 2026

[init] device=cpu dataset=cicids backend=ckks seed=2026
[preprocess] Loading raw data for 'cicids' from C:\Users\Thrish_Sudha\Desktop\Amrita Files\LGSI IOV\Team\LG_IoV\Preprocessed_Dataset
[cicids] reading cleaned_Friday-WorkingHours-Afternoon-DDos.pcap_ISCX.csv
[cicids]   rows kept: 149,982  blocks: 8
[cicids] reading cleaned_Friday-WorkingHours-Afternoon-PortScan.pcap_ISCX.csv
[cicids]   rows kept: 149,845  blocks: 8
[cicids] reading cleaned_Friday-WorkingHours-Morning.pcap_ISCX.csv
[cicids]   rows kept: 149,894  blocks: 8
[cicids] reading cleaned_Monday-WorkingHours.pcap_ISCX.csv
[cicids]   rows kept: 149,863  blocks: 8
[cicids] reading cleaned_Thursday-WorkingHours-Afternoon-Infilteration.pcap_ISCX.csv
[cicids]   rows kept: 149,921  blocks: 8
[cicids] reading cleaned_Thursday-WorkingHours-Morning-WebAttacks.pcap_ISCX.csv
[cicids]   rows kept: 149,888  blocks: 8
[cicids] reading cleaned_Tuesday-WorkingHours.pcap_ISCX.csv
[cicids]   rows kept: 149,899  blocks: 8
[cicids] reading cleaned_Wednesday-workingHours.pcap_ISCX.csv
[cicids]   rows kept: 149,719  blocks: 8
[preprocess] blocks: total=64 train=46 val=9 test=9
[preprocess] cicids split sizes: train=869510, val=169894, test=159607
[preprocess] Classes: ('BENIGN', 'ATTACK')
[preprocess] Class counts (train): [678450.0, 191060.0]
[preprocess] Class weights: [0.640806257724762, 2.275489330291748]
[server] global model: 43,394 parameters, backend=ckks, disclosure=practical
[init] 10 vehicles registered over ECDH+AES-256-GCM channels (mutual Ed25519 auth)

--- round 01/05 | active 7/10 [0, 2, 3, 4, 5, 8, 9] ---
  vehicle-0003: trained on 136,655 samples
  vehicle-0002: trained on 10,174 samples
  vehicle-0009: trained on 27,594 samples
  vehicle-0008: trained on 7 samples
  vehicle-0000: trained on 34,354 samples
  vehicle-0004: trained on 25,929 samples
  vehicle-0005: trained on 254,052 samples
round 01 | loss 0.6310 | acc 0.6992 | 57.0s | p^u [0.119, 0.161, 0.154, 0.167, 0.165, 0.155, 0.079]

--- round 02/05 | active 7/10 [0, 1, 2, 3, 4, 5, 6] ---
  vehicle-0001: trained on 30,755 samples
  vehicle-0002: trained on 10,174 samples
  vehicle-0003: trained on 136,655 samples
  vehicle-0005: trained on 254,052 samples
  vehicle-0006: trained on 237,636 samples
  vehicle-0000: trained on 34,354 samples
  vehicle-0004: trained on 25,929 samples
round 02 | loss 0.0960 | acc 0.9605 | 84.3s | p^u [0.159, 0.164, 0.134, 0.109, 0.11, 0.163, 0.161]

--- round 03/05 | active 7/10 [0, 2, 3, 5, 6, 7, 9] ---
  vehicle-0005: trained on 254,052 samples
  vehicle-0007: trained on 112,354 samples
  vehicle-0009: trained on 27,594 samples
  vehicle-0002: trained on 10,174 samples
  vehicle-0003: trained on 136,655 samples
  vehicle-0000: trained on 34,354 samples
  vehicle-0006: trained on 237,636 samples
round 03 | loss 0.1249 | acc 0.9415 | 91.0s | p^u [0.112, 0.146, 0.161, 0.165, 0.138, 0.166, 0.113]

--- round 04/05 | active 7/10 [0, 2, 3, 4, 6, 7, 9] ---
  vehicle-0006: trained on 237,636 samples
  vehicle-0009: trained on 27,594 samples
  vehicle-0007: trained on 112,354 samples
  vehicle-0004: trained on 25,929 samples
  vehicle-0003: trained on 136,655 samples
  vehicle-0000: trained on 34,354 samples
  vehicle-0002: trained on 10,174 samples
round 04 | loss 0.1657 | acc 0.9449 | 63.1s | p^u [0.094, 0.159, 0.135, 0.16, 0.125, 0.163, 0.163]

--- round 05/05 | active 7/10 [0, 2, 3, 4, 6, 7, 9] ---
  vehicle-0000: trained on 34,354 samples
  vehicle-0007: trained on 112,354 samples
  vehicle-0009: trained on 27,594 samples
  vehicle-0006: trained on 237,636 samples
  vehicle-0004: trained on 25,929 samples
  vehicle-0003: trained on 136,655 samples
  vehicle-0002: trained on 10,174 samples
round 05 | loss 0.0928 | acc 0.9565 | 62.2s | p^u [0.164, 0.136, 0.158, 0.091, 0.16, 0.126, 0.164]

==================================================
           BASELINE BENCHMARK REPORT
==================================================
Accuracy:  0.9565
Macro F1:  0.9267
Precision: 0.8938
Recall:    0.9721
ROC-AUC:   0.9974

Per-Class Metrics:
Class Name                | Precision  | Recall     | F1-score   | Support 
--------------------------------------------------------------------
BENIGN                    | 0.9990     | 0.9492     | 0.9735     | 134086  
ATTACK                    | 0.7886     | 0.9950     | 0.8799     | 25521   

Confusion Matrix:
[[127279   6807]
 [   128  25393]]
==================================================
[helpers] Checkpoint saved: C:\Users\Thrish_Sudha\Desktop\Amrita Files\LGSI IOV\Team\LG_IoV\NewModel\checkpoints\federated_cicids_ckks_s2026.pt
[helpers] Random seed fixed at: 2027

[init] device=cpu dataset=cicids backend=ckks seed=2027
[preprocess] Loading raw data for 'cicids' from C:\Users\Thrish_Sudha\Desktop\Amrita Files\LGSI IOV\Team\LG_IoV\Preprocessed_Dataset
[cicids] reading cleaned_Friday-WorkingHours-Afternoon-DDos.pcap_ISCX.csv
[cicids]   rows kept: 149,982  blocks: 8
[cicids] reading cleaned_Friday-WorkingHours-Afternoon-PortScan.pcap_ISCX.csv
[cicids]   rows kept: 149,845  blocks: 8
[cicids] reading cleaned_Friday-WorkingHours-Morning.pcap_ISCX.csv
[cicids]   rows kept: 149,894  blocks: 8
[cicids] reading cleaned_Monday-WorkingHours.pcap_ISCX.csv
[cicids]   rows kept: 149,863  blocks: 8
[cicids] reading cleaned_Thursday-WorkingHours-Afternoon-Infilteration.pcap_ISCX.csv
[cicids]   rows kept: 149,921  blocks: 8
[cicids] reading cleaned_Thursday-WorkingHours-Morning-WebAttacks.pcap_ISCX.csv
[cicids]   rows kept: 149,888  blocks: 8
[cicids] reading cleaned_Tuesday-WorkingHours.pcap_ISCX.csv
[cicids]   rows kept: 149,899  blocks: 8
[cicids] reading cleaned_Wednesday-workingHours.pcap_ISCX.csv
[cicids]   rows kept: 149,719  blocks: 8
[preprocess] blocks: total=64 train=46 val=9 test=9
[preprocess] cicids split sizes: train=869584, val=180000, test=149427
[preprocess] Classes: ('BENIGN', 'ATTACK')
[preprocess] Class counts (train): [672096.0, 197488.0]
[preprocess] Class weights: [0.6469194889068604, 2.2016122341156006]
[server] global model: 43,394 parameters, backend=ckks, disclosure=practical
[init] 10 vehicles registered over ECDH+AES-256-GCM channels (mutual Ed25519 auth)

--- round 01/05 | active 7/10 [0, 2, 4, 5, 6, 7, 8] ---
  vehicle-0002: trained on 99,449 samples
  vehicle-0000: trained on 46,291 samples
  vehicle-0004: trained on 255,299 samples
  vehicle-0007: trained on 3,099 samples
  vehicle-0005: trained on 45,737 samples
  vehicle-0008: trained on 80,263 samples
  vehicle-0006: trained on 39,654 samples
round 01 | loss 1.5644 | acc 0.8951 | 67.7s | p^u [0.138, 0.153, 0.097, 0.165, 0.151, 0.143, 0.153]

--- round 02/05 | active 7/10 [0, 1, 3, 4, 6, 8, 9] ---
  vehicle-0009: trained on 271,500 samples
  vehicle-0006: trained on 39,654 samples
  vehicle-0004: trained on 255,299 samples
  vehicle-0000: trained on 46,291 samples
  vehicle-0003: trained on 17,993 samples
  vehicle-0001: trained on 10,299 samples
  vehicle-0008: trained on 80,263 samples
round 02 | loss 0.4658 | acc 0.9470 | 84.0s | p^u [0.101, 0.159, 0.102, 0.161, 0.165, 0.164, 0.148]

--- round 03/05 | active 7/10 [0, 2, 3, 5, 6, 7, 8] ---
  vehicle-0003: trained on 17,993 samples
  vehicle-0005: trained on 45,737 samples
  vehicle-0000: trained on 46,291 samples
  vehicle-0007: trained on 3,099 samples
  vehicle-0002: trained on 99,449 samples
  vehicle-0006: trained on 39,654 samples
  vehicle-0008: trained on 80,263 samples
round 03 | loss 0.5801 | acc 0.9450 | 40.5s | p^u [0.158, 0.145, 0.143, 0.165, 0.117, 0.147, 0.127]

--- round 04/05 | active 7/10 [0, 1, 2, 4, 5, 6, 7] ---
  vehicle-0000: trained on 46,291 samples
  vehicle-0001: trained on 10,299 samples
  vehicle-0005: trained on 45,737 samples
  vehicle-0006: trained on 39,654 samples
  vehicle-0004: trained on 255,299 samples
  vehicle-0007: trained on 3,099 samples
  vehicle-0002: trained on 99,449 samples
round 04 | loss 0.3754 | acc 0.9521 | 46.3s | p^u [0.155, 0.164, 0.153, 0.155, 0.075, 0.165, 0.134]

--- round 05/05 | active 7/10 [0, 2, 4, 6, 7, 8, 9] ---
  vehicle-0009: trained on 271,500 samples
  vehicle-0004: trained on 255,299 samples
  vehicle-0008: trained on 80,263 samples
  vehicle-0002: trained on 99,449 samples
  vehicle-0006: trained on 39,654 samples
  vehicle-0007: trained on 3,099 samples
  vehicle-0000: trained on 46,291 samples
round 05 | loss 0.4515 | acc 0.9453 | 68.5s | p^u [0.111, 0.109, 0.15, 0.148, 0.159, 0.166, 0.158]

==================================================
           BASELINE BENCHMARK REPORT
==================================================
Accuracy:  0.9453
Macro F1:  0.8786
Precision: 0.9417
Recall:    0.8364
ROC-AUC:   0.9814

Per-Class Metrics:
Class Name                | Precision  | Recall     | F1-score   | Support 
--------------------------------------------------------------------
BENIGN                    | 0.9463     | 0.9919     | 0.9686     | 127021  
ATTACK                    | 0.9371     | 0.6808     | 0.7886     | 22406   

Confusion Matrix:
[[125998   1023]
 [  7153  15253]]
==================================================
[helpers] Checkpoint saved: C:\Users\Thrish_Sudha\Desktop\Amrita Files\LGSI IOV\Team\LG_IoV\NewModel\checkpoints\federated_cicids_ckks_s2027.pt

==================================================================
cicids / ckks over 3 seed(s)
  accuracy  0.9555 +/- 0.0079
  macro F1  0.9136 +/- 0.0250
  ROC-AUC   0.9922 +/- 0.0076
  audit     {'rounds': 5, 'individual_update_decryptions': 0, 'aggregate_decryptions': 5, 'distance_scalars_revealed': 35}
  saved     C:\Users\Thrish_Sudha\Desktop\Amrita Files\LGSI IOV\Team\LG_IoV\NewModel\results\federated_cicids_ckks.json
==================================================================

---STDERR---
